
> frontend@0.1.0 dev
> next dev --webpack 

[baseline-browser-mapping] The data in this module is over two months old.  To ensure accurate Baseline data, please update: `npm i baseline-browser-mapping@latest -D`
 ⚠ Warning: Next.js inferred your workspace root, but it may not be correct.
 We detected multiple lockfiles and selected the directory of c:\Users\rob_b\gearhed\package-lock.json as the root directory.
 To silence this warning, set `outputFileTracingRoot` in your Next.js config, or consider removing one of the lockfiles if it's not needed.
   See https://nextjs.org/docs/app/api-reference/config/next-config-js/output#caveats for more information.
 Detected additional lockfiles: 
   * c:\Users\rob_b\gearhed\frontend\package-lock.json

   ▲ Next.js 16.0.1 (webpack)
   - Local:        http://localhost:3000
   - Network:      http://10.5.0.2:3000
   - Environments: .env.local
   - Experiments (use with caution):
     ✓ optimizeCss
     ✓ webpackBuildWorker
     ✓ webpackMemoryOptimizations

 ✓ Starting...
 ✓ Ready in 4.5s
 ○ Compiling / ...
 GET / 307 in 27.3s (compile: 26.0s, render: 1253ms)
 ○ Compiling /about ...
 GET /about 200 in 6.4s (compile: 5.8s, render: 558ms)
 ⚠ Found a change in next.config.ts. Restarting the server to apply the changes...
[baseline-browser-mapping] The data in this module is over two months old.  To ensure accurate Baseline data, please update: `npm i baseline-browser-mapping@latest -D`
   ▲ Next.js 16.0.1 (webpack)
   - Local:        http://localhost:3000
   - Network:      http://10.5.0.2:3000
   - Environments: .env.local
   - Experiments (use with caution):
     ✓ optimizeCss
     ✓ webpackBuildWorker
     ✓ webpackMemoryOptimizations

 ✓ Starting...
 ✓ Ready in 2.6s
 GET /about 200 in 1770ms (compile: 1499ms, render: 271ms)
 GET /about 200 in 433ms (compile: 74ms, render: 359ms)
 ⚠ Found a change in next.config.ts. Restarting the server to apply the changes...
[baseline-browser-mapping] The data in this module is over two months old.  To ensure accurate Baseline data, please update: `npm i baseline-browser-mapping@latest -D`
 ⚠ Warning: Next.js inferred your workspace root, but it may not be correct.
 We detected multiple lockfiles and selected the directory of c:\Users\rob_b\gearhed\package-lock.json as the root directory.
 To silence this warning, set `outputFileTracingRoot` in your Next.js config, or consider removing one of the lockfiles if it's not needed.
   See https://nextjs.org/docs/app/api-reference/config/next-config-js/output#caveats for more information.
 Detected additional lockfiles: 
   * c:\Users\rob_b\gearhed\frontend\package-lock.json

   ▲ Next.js 16.0.1 (webpack)
   - Local:        http://localhost:3000
   - Network:      http://10.5.0.2:3000
   - Environments: .env.local
   - Experiments (use with caution):
     ✓ optimizeCss
     ✓ webpackBuildWorker
     ✓ webpackMemoryOptimizations

 ✓ Starting...
 ✓ Ready in 4.2s
 ⚠ Found a change in next.config.ts. Restarting the server to apply the changes...
[baseline-browser-mapping] The data in this module is over two months old.  To ensure accurate Baseline data, please update: `npm i baseline-browser-mapping@latest -D`
 ⚠ Warning: Next.js inferred your workspace root, but it may not be correct.
 We detected multiple lockfiles and selected the directory of c:\Users\rob_b\gearhed\package-lock.json as the root directory.
 To silence this warning, set `outputFileTracingRoot` in your Next.js config, or consider removing one of the lockfiles if it's not needed.
   See https://nextjs.org/docs/app/api-reference/config/next-config-js/output#caveats for more information.
 Detected additional lockfiles: 
   * c:\Users\rob_b\gearhed\frontend\package-lock.json

   ▲ Next.js 16.0.1 (webpack)
   - Local:        http://localhost:3000
   - Network:      http://10.5.0.2:3000
   - Environments: .env.local
   - Experiments (use with caution):
     ✓ optimizeCss
     ✓ webpackBuildWorker
     ✓ webpackMemoryOptimizations

 ✓ Starting...
 ✓ Ready in 3.8s
